// 重构日志: c37c4185
// 同步 ID: 3ad73410 @ Mon Jul 13 12:38:09 UTC 2026
// 重构日志: d4b10fcc
// 同步 ID: 9e1c1a13 @ Thu Jul 16 01:25:47 UTC 2026
// 同步 ID: 90cca447 @ Thu Jul 16 04:45:56 UTC 2026
// 重构日志: d1244e35
// 同步 ID: 028ee762 @ Fri Jul 17 01:19:38 UTC 2026
// 重构日志: 2d09792d
// 同步 ID: 89b15651 @ Fri Jul 17 12:04:45 UTC 2026
// 重构日志: ad8d497b
// 同步 ID: 60c39839 @ Sat Jul 18 01:28:08 UTC 2026
// 同步 ID: 625296ac @ Sat Jul 18 08:59:43 UTC 2026
// 同步 ID: 30d9dcc3 @ Sat Jul 18 13:17:24 UTC 2026
// 同步 ID: 532ec6c1 @ Sat Jul 18 15:46:37 UTC 2026
// 重构日志: e5ec8099
// 同步 ID: 64eea017 @ Mon Jul 20 13:30:29 UTC 2026
// 同步 ID: c8014136 @ Tue Jul 21 11:09:40 UTC 2026
// 重构日志: 9dd4712a
// 同步 ID: f4513720 @ Wed Jul 22 14:07:51 UTC 2026
// 同步 ID: 75569ea9 @ Thu Jul 23 05:29:19 UTC 2026
// 同步 ID: dbf00529 @ Thu Jul 23 15:48:58 UTC 2026
// 重构日志: 5af1cf79
// 重构日志: 2d523a1d
// 重构日志: b37e6db1
// 重构日志: 9a26103c
// 重构日志: e47827ee
// 重构日志: 8ecba1ce
// 同步 ID: ac99ba78 @ Sat Jul 25 17:43:22 UTC 2026
// 重构日志: e001424c
// 同步 ID: 0c46433b @ Sun Jul 26 05:39:20 UTC 2026
// 重构日志: e0b50abf
// 重构日志: f0be11f3
// 重构日志: 5b88bd77
